---
source: tests/snapshots_help_contracts.rs
expression: "help(&scratch, &[\"--help\", \"worktree\"])"
---
Worktree commands for all roles:

  acquire        Acquire or reuse a per-(repo, issue, session) lease
  release        Flip an active lease to retained or released
  heartbeat      Refresh an active lease heartbeat
  prune          Prune stale leases and clean worktrees

Read-only (status/list):
  status         List active leases for an issue
  list           List every lease for the resolved repo identity

Use 'phasegent --help worktree <command>' for options. acquire, list, and prune run their repository's sync pass first; --no-sync skips it.
