---
source: tests/snapshots_help_contracts.rs
expression: "help(&scratch, None, &[\"--help\"])"
---
phasegent [VERSION]

Provider-backed workflow CLI (all roles).

Usage:
  phasegent [GLOBAL OPTIONS] <COMMAND> [ARGS]

Role resolution:
  Managed sessions supply the role; other hosts set PHASEGENT_ROLE.

Options:
  --provider <NAME>      redmine or local (default: redmine)
  --api-base <URL>       Override the Redmine API base
  --repository <O/R>     Override the Git host repository for bootstrap/discovery
  --project-id <ID>      Override the Redmine project id
  --close-status-id <ID> Override the Redmine closed status
  -h, --help             Print help
  -V, --version          Print version

Commands:
  issue                  Issue operations
  comment                Comment operations
  record                 Structured agent records: CLI-owned metadata header with a plain note body
  admin                  Human-operator provisioning: auth setup, config writes, workflow bootstrap (AI roles must never invoke)
  config                 Local configuration (read-only show/get; writes live under admin)
  doctor                 Read-only self-check: credential presence, index backend, masked PG URL (no role needed)
  hooks                  Managed Git hook installation
  notify                 Bounded agent notifications
  plugin                 Managed OpenCode plugin installation
  worktree               Local per-(repo, issue, session) worktree leases (acquire/release/prune orchestrator-only; status/list readable by orchestrator, executor, reviewer)

Use 'phasegent --help <command>' for the next level.
Provider resolution chain and machine-wide default: 'phasegent --help config provider'.
Role and credential guidance: 'phasegent --help admin'.
